2026-02-05T05:15:53.9680632Z Current runner version: '2.331.0'
2026-02-05T05:15:53.9703622Z ##[group]Runner Image Provisioner
2026-02-05T05:15:53.9704539Z Hosted Compute Agent
2026-02-05T05:15:53.9705074Z Version: 20260123.484
2026-02-05T05:15:53.9705666Z Commit: 6bd6555ca37d84114959e1c76d2c01448ff61c5d
2026-02-05T05:15:53.9706347Z Build Date: 2026-01-23T19:41:17Z
2026-02-05T05:15:53.9707033Z Worker ID: {cc6eb6d9-ff3a-4d59-a3a4-63ac3ab9f1dd}
2026-02-05T05:15:53.9707744Z Azure Region: westus
2026-02-05T05:15:53.9708269Z ##[endgroup]
2026-02-05T05:15:53.9709699Z ##[group]Operating System
2026-02-05T05:15:53.9710539Z Ubuntu
2026-02-05T05:15:53.9711112Z 24.04.3
2026-02-05T05:15:53.9711555Z LTS
2026-02-05T05:15:53.9712047Z ##[endgroup]
2026-02-05T05:15:53.9712619Z ##[group]Runner Image
2026-02-05T05:15:53.9713297Z Image: ubuntu-24.04
2026-02-05T05:15:53.9713806Z Version: 20260126.10.1
2026-02-05T05:15:53.9714995Z Included Software: https://github.com/actions/runner-images/blob/ubuntu24/20260126.10/images/ubuntu/Ubuntu2404-Readme.md
2026-02-05T05:15:53.9716424Z Image Release: https://github.com/actions/runner-images/releases/tag/ubuntu24%2F20260126.10
2026-02-05T05:15:53.9717379Z ##[endgroup]
2026-02-05T05:15:53.9718435Z ##[group]GITHUB_TOKEN Permissions
2026-02-05T05:15:53.9720541Z Contents: read
2026-02-05T05:15:53.9721163Z Metadata: read
2026-02-05T05:15:53.9721671Z Pages: write
2026-02-05T05:15:53.9722114Z ##[endgroup]
2026-02-05T05:15:53.9724248Z Secret source: Actions
2026-02-05T05:15:53.9724919Z Prepare workflow directory
2026-02-05T05:15:54.0042498Z Prepare all required actions
2026-02-05T05:15:54.0098581Z Getting action download info
2026-02-05T05:15:54.4953207Z Download action repository 'actions/checkout@v4' (SHA:34e114876b0b11c390a56381ad16ebd13914f8d5)
2026-02-05T05:15:54.6205483Z Download action repository 'actions/configure-pages@v5' (SHA:983d7736d9b0ae728b81ab479565c72886d7745b)
2026-02-05T05:15:55.5824700Z Download action repository 'actions/upload-pages-artifact@v3' (SHA:56afc609e74202658d3ffba0e8f6dda462b719fa)
2026-02-05T05:15:56.1230564Z Download action repository 'actions/deploy-pages@v4' (SHA:d6db90164ac5ed86f2b6aed7e0febac5b3c0c03e)
2026-02-05T05:15:57.2299562Z Getting action download info
2026-02-05T05:15:57.4188339Z Download action repository 'actions/upload-artifact@v4' (SHA:ea165f8d65b6e75b540449e92b4886f43607fa02)
2026-02-05T05:15:57.6016513Z Complete job name: deploy
2026-02-05T05:15:57.6635525Z ##[group]Run actions/checkout@v4
2026-02-05T05:15:57.6636103Z with:
2026-02-05T05:15:57.6636305Z   repository: maithanhduyan/yakiniku
2026-02-05T05:15:57.6636694Z   token: ***
2026-02-05T05:15:57.6636878Z   ssh-strict: true
2026-02-05T05:15:57.6637073Z   ssh-user: git
2026-02-05T05:15:57.6637262Z   persist-credentials: true
2026-02-05T05:15:57.6637492Z   clean: true
2026-02-05T05:15:57.6637702Z   sparse-checkout-cone-mode: true
2026-02-05T05:15:57.6637990Z   fetch-depth: 1
2026-02-05T05:15:57.6638182Z   fetch-tags: false
2026-02-05T05:15:57.6638364Z   show-progress: true
2026-02-05T05:15:57.6638555Z   lfs: false
2026-02-05T05:15:57.6638737Z   submodules: false
2026-02-05T05:15:57.6638925Z   set-safe-directory: true
2026-02-05T05:15:57.6639338Z ##[endgroup]
2026-02-05T05:15:57.7698611Z Syncing repository: maithanhduyan/yakiniku
2026-02-05T05:15:57.7699900Z ##[group]Getting Git version info
2026-02-05T05:15:57.7700531Z Working directory is '/home/runner/work/yakiniku/yakiniku'
2026-02-05T05:15:57.7701136Z [command]/usr/bin/git version
2026-02-05T05:15:57.7807910Z git version 2.52.0
2026-02-05T05:15:57.7833696Z ##[endgroup]
2026-02-05T05:15:57.7847288Z Temporarily overriding HOME='/home/runner/work/_temp/b2094f30-23ec-49da-8494-fc306e8455d1' before making global git config changes
2026-02-05T05:15:57.7848724Z Adding repository directory to the temporary git global config as a safe directory
2026-02-05T05:15:57.7859655Z [command]/usr/bin/git config --global --add safe.directory /home/runner/work/yakiniku/yakiniku
2026-02-05T05:15:57.7899662Z Deleting the contents of '/home/runner/work/yakiniku/yakiniku'
2026-02-05T05:15:57.7903101Z ##[group]Initializing the repository
2026-02-05T05:15:57.7907157Z [command]/usr/bin/git init /home/runner/work/yakiniku/yakiniku
2026-02-05T05:15:57.8052548Z hint: Using 'master' as the name for the initial branch. This default branch name
2026-02-05T05:15:57.8053448Z hint: will change to "main" in Git 3.0. To configure the initial branch name
2026-02-05T05:15:57.8054092Z hint: to use in all of your new repositories, which will suppress this warning,
2026-02-05T05:15:57.8054583Z hint: call:
2026-02-05T05:15:57.8054914Z hint:
2026-02-05T05:15:57.8055239Z hint: 	git config --global init.defaultBranch <name>
2026-02-05T05:15:57.8055590Z hint:
2026-02-05T05:15:57.8055939Z hint: Names commonly chosen instead of 'master' are 'main', 'trunk' and
2026-02-05T05:15:57.8056551Z hint: 'development'. The just-created branch can be renamed via this command:
2026-02-05T05:15:57.8056994Z hint:
2026-02-05T05:15:57.8057261Z hint: 	git branch -m <name>
2026-02-05T05:15:57.8057630Z hint:
2026-02-05T05:15:57.8058225Z hint: Disable this message with "git config set advice.defaultBranchName false"
2026-02-05T05:15:57.8059234Z Initialized empty Git repository in /home/runner/work/yakiniku/yakiniku/.git/
2026-02-05T05:15:57.8069440Z [command]/usr/bin/git remote add origin https://github.com/maithanhduyan/yakiniku
2026-02-05T05:15:57.8104004Z ##[endgroup]
2026-02-05T05:15:57.8104632Z ##[group]Disabling automatic garbage collection
2026-02-05T05:15:57.8109824Z [command]/usr/bin/git config --local gc.auto 0
2026-02-05T05:15:57.8137568Z ##[endgroup]
2026-02-05T05:15:57.8138224Z ##[group]Setting up auth
2026-02-05T05:15:57.8145262Z [command]/usr/bin/git config --local --name-only --get-regexp core\.sshCommand
2026-02-05T05:15:57.8175073Z [command]/usr/bin/git submodule foreach --recursive sh -c "git config --local --name-only --get-regexp 'core\.sshCommand' && git config --local --unset-all 'core.sshCommand' || :"
2026-02-05T05:15:57.8551854Z [command]/usr/bin/git config --local --name-only --get-regexp http\.https\:\/\/github\.com\/\.extraheader
2026-02-05T05:15:57.8579452Z [command]/usr/bin/git submodule foreach --recursive sh -c "git config --local --name-only --get-regexp 'http\.https\:\/\/github\.com\/\.extraheader' && git config --local --unset-all 'http.https://github.com/.extraheader' || :"
2026-02-05T05:15:57.8794900Z [command]/usr/bin/git config --local --name-only --get-regexp ^includeIf\.gitdir:
2026-02-05T05:15:57.8832076Z [command]/usr/bin/git submodule foreach --recursive git config --local --show-origin --name-only --get-regexp remote.origin.url
2026-02-05T05:15:57.9050368Z [command]/usr/bin/git config --local http.https://github.com/.extraheader AUTHORIZATION: basic ***
2026-02-05T05:15:57.9082173Z ##[endgroup]
2026-02-05T05:15:57.9082968Z ##[group]Fetching the repository
2026-02-05T05:15:57.9091099Z [command]/usr/bin/git -c protocol.version=2 fetch --no-tags --prune --no-recurse-submodules --depth=1 origin +580645da30e705ff307a12633c31b2f0bd9f6222:refs/remotes/origin/master
2026-02-05T05:15:58.7772211Z From https://github.com/maithanhduyan/yakiniku
2026-02-05T05:15:58.7772994Z  * [new ref]         580645da30e705ff307a12633c31b2f0bd9f6222 -> origin/master
2026-02-05T05:15:58.7804718Z ##[endgroup]
2026-02-05T05:15:58.7805490Z ##[group]Determining the checkout info
2026-02-05T05:15:58.7807286Z ##[endgroup]
2026-02-05T05:15:58.7812883Z [command]/usr/bin/git sparse-checkout disable
2026-02-05T05:15:58.7855866Z [command]/usr/bin/git config --local --unset-all extensions.worktreeConfig
2026-02-05T05:15:58.7882658Z ##[group]Checking out the ref
2026-02-05T05:15:58.7887161Z [command]/usr/bin/git checkout --progress --force -B master refs/remotes/origin/master
2026-02-05T05:15:58.8099673Z Reset branch 'master'
2026-02-05T05:15:58.8103262Z branch 'master' set up to track 'origin/master'.
2026-02-05T05:15:58.8110704Z ##[endgroup]
2026-02-05T05:15:58.8147232Z [command]/usr/bin/git log -1 --format=%H
2026-02-05T05:15:58.8170400Z 580645da30e705ff307a12633c31b2f0bd9f6222
2026-02-05T05:15:58.8357915Z ##[group]Run actions/configure-pages@v5
2026-02-05T05:15:58.8358536Z with:
2026-02-05T05:15:58.8358913Z   token: ***
2026-02-05T05:15:58.8359229Z   enablement: false
2026-02-05T05:15:58.8359475Z ##[endgroup]
2026-02-05T05:15:59.3338951Z ##[group]Run actions/upload-pages-artifact@v3
2026-02-05T05:15:59.3339401Z with:
2026-02-05T05:15:59.3339667Z   path: web
2026-02-05T05:15:59.3339978Z   name: github-pages
2026-02-05T05:15:59.3340530Z   retention-days: 1
2026-02-05T05:15:59.3340810Z env:
2026-02-05T05:15:59.3402494Z   GITHUB_PAGES: true
2026-02-05T05:15:59.3402849Z ##[endgroup]
2026-02-05T05:15:59.3502146Z ##[group]Run echo ::group::Archive artifact
2026-02-05T05:15:59.3502518Z [36;1mecho ::group::Archive artifact[0m
2026-02-05T05:15:59.3502780Z [36;1mtar \[0m
2026-02-05T05:15:59.3503021Z [36;1m  --dereference --hard-dereference \[0m
2026-02-05T05:15:59.3503318Z [36;1m  --directory "$INPUT_PATH" \[0m
2026-02-05T05:15:59.3503624Z [36;1m  -cvf "$RUNNER_TEMP/artifact.tar" \[0m
2026-02-05T05:15:59.3503904Z [36;1m  --exclude=.git \[0m
2026-02-05T05:15:59.3504167Z [36;1m  --exclude=.github \[0m
2026-02-05T05:15:59.3504391Z [36;1m  .[0m
2026-02-05T05:15:59.3504571Z [36;1mecho ::endgroup::[0m
2026-02-05T05:15:59.4847333Z shell: /usr/bin/sh -e {0}
2026-02-05T05:15:59.4847716Z env:
2026-02-05T05:15:59.4847972Z   GITHUB_PAGES: true
2026-02-05T05:15:59.4848265Z   INPUT_PATH: web
2026-02-05T05:15:59.4848535Z ##[endgroup]
2026-02-05T05:15:59.4935301Z ##[group]Archive artifact
2026-02-05T05:15:59.4946421Z tar: web: Cannot open: No such file or directory
2026-02-05T05:15:59.4946974Z tar: Error is not recoverable: exiting now
2026-02-05T05:15:59.4959791Z ##[error]Process completed with exit code 2.
2026-02-05T05:15:59.5103847Z Post job cleanup.
2026-02-05T05:15:59.6025519Z [command]/usr/bin/git version
2026-02-05T05:15:59.6060887Z git version 2.52.0
2026-02-05T05:15:59.6103835Z Temporarily overriding HOME='/home/runner/work/_temp/47580af8-3fad-4529-882d-a3a986ef5da9' before making global git config changes
2026-02-05T05:15:59.6105200Z Adding repository directory to the temporary git global config as a safe directory
2026-02-05T05:15:59.6110383Z [command]/usr/bin/git config --global --add safe.directory /home/runner/work/yakiniku/yakiniku
2026-02-05T05:15:59.6145326Z [command]/usr/bin/git config --local --name-only --get-regexp core\.sshCommand
2026-02-05T05:15:59.6177543Z [command]/usr/bin/git submodule foreach --recursive sh -c "git config --local --name-only --get-regexp 'core\.sshCommand' && git config --local --unset-all 'core.sshCommand' || :"
2026-02-05T05:15:59.6403705Z [command]/usr/bin/git config --local --name-only --get-regexp http\.https\:\/\/github\.com\/\.extraheader
2026-02-05T05:15:59.6423329Z http.https://github.com/.extraheader
2026-02-05T05:15:59.6435698Z [command]/usr/bin/git config --local --unset-all http.https://github.com/.extraheader
2026-02-05T05:15:59.6466098Z [command]/usr/bin/git submodule foreach --recursive sh -c "git config --local --name-only --get-regexp 'http\.https\:\/\/github\.com\/\.extraheader' && git config --local --unset-all 'http.https://github.com/.extraheader' || :"
2026-02-05T05:15:59.6684345Z [command]/usr/bin/git config --local --name-only --get-regexp ^includeIf\.gitdir:
2026-02-05T05:15:59.6714977Z [command]/usr/bin/git submodule foreach --recursive git config --local --show-origin --name-only --get-regexp remote.origin.url
2026-02-05T05:15:59.7031021Z Evaluate and set environment url
2026-02-05T05:15:59.7034373Z Evaluated environment url: 
2026-02-05T05:15:59.7035203Z Cleaning up orphan processes
